// Jest Snapshot v1, https://goo.gl/fbAQLP

exports[`renders without crashing 1`] = `
"<header className=\\"menu\\">
  <div className=\\"menu__container\\">
    <a className=\\"menu__logo\\" href=\\"https://www.gog.com/\\">
      <img src=\\"logo-classic.svg\\" alt=\\"main page link\\" />
    </a>
    <Connect(Cart) />
  </div>
</header>"
`;
